[demo.admireadmin.com/admire_html/index.html]
[backblue.gif]
[fade.gif]
[index.html]
[demo.admireadmin.com/admire_html/img/logo1.ico]
[demo.admireadmin.com/admire_html/css/components.css]
[demo.admireadmin.com/admire_html/css/custom.css]
[demo.admireadmin.com/admire_html/vendors/chartist/css/chartist.min.css]
[demo.admireadmin.com/admire_html/vendors/circliful/css/jquery.circliful.css]
[demo.admireadmin.com/admire_html/css/pages/index.css]
[demo.admireadmin.com/admire_html/img/loader.gif]
[demo.admireadmin.com/admire_html/index-2.html]
[demo.admireadmin.com/admire_html/img/logow.png]
[demo.admireadmin.com/admire_html/mail_inbox.html]
[demo.admireadmin.com/admire_html/mail_compose.html]
[demo.admireadmin.com/admire_html/maps.html]
[demo.admireadmin.com/admire_html/gallery.html]
[demo.admireadmin.com/admire_html/img/mailbox_imgs/5.jpg]
[demo.admireadmin.com/admire_html/img/mailbox_imgs/8.jpg]
[demo.admireadmin.com/admire_html/img/mailbox_imgs/7.jpg]
[demo.admireadmin.com/admire_html/img/mailbox_imgs/6.jpg]
[demo.admireadmin.com/admire_html/img/mailbox_imgs/1.jpg]
[demo.admireadmin.com/admire_html/img/mailbox_imgs/2.jpg]
[demo.admireadmin.com/admire_html/img/mailbox_imgs/3.jpg]
[demo.admireadmin.com/admire_html/img/admin.jpg]
[demo.admireadmin.com/admire_html/edit_user.html]
[demo.admireadmin.com/admire_html/lockscreen.html]
[demo.admireadmin.com/admire_html/login2.html]
[demo.admireadmin.com/admire_html/index1.html]
[demo.admireadmin.com/admire_html/general_components.html]
[demo.admireadmin.com/admire_html/cards.html]
[demo.admireadmin.com/admire_html/transitions.html]
[demo.admireadmin.com/admire_html/buttons.html]
[demo.admireadmin.com/admire_html/icons.html]
[demo.admireadmin.com/admire_html/tooltips.html]
[demo.admireadmin.com/admire_html/animations.html]
[demo.admireadmin.com/admire_html/sliders.html]
[demo.admireadmin.com/admire_html/notifications.html]
[demo.admireadmin.com/admire_html/p_notify.html]
[demo.admireadmin.com/admire_html/izitoast.html]
[demo.admireadmin.com/admire_html/cropper.html]
[demo.admireadmin.com/admire_html/file_upload.html]
[demo.admireadmin.com/admire_html/jstree.html]
[demo.admireadmin.com/admire_html/modal.html]
[demo.admireadmin.com/admire_html/sortable.html]
[demo.admireadmin.com/admire_html/sweet_alert.html]
[demo.admireadmin.com/admire_html/grids_layout.html]
[demo.admireadmin.com/admire_html/widgets1.html]
[demo.admireadmin.com/admire_html/widgets2.html]
[demo.admireadmin.com/admire_html/widgets3.html]
[demo.admireadmin.com/admire_html/form_elements.html]
[demo.admireadmin.com/admire_html/form_layouts.html]
[demo.admireadmin.com/admire_html/form_validations.html]
[demo.admireadmin.com/admire_html/form_editors.html]
[demo.admireadmin.com/admire_html/radio_checkbox.html]
[demo.admireadmin.com/admire_html/form_wizards.html]
[demo.admireadmin.com/admire_html/datetime_picker.html]
[demo.admireadmin.com/admire_html/ratings.html]
[demo.admireadmin.com/admire_html/simple_tables.html]
[demo.admireadmin.com/admire_html/simple_datatables.html]
[demo.admireadmin.com/admire_html/datatables.html]
[demo.admireadmin.com/admire_html/advanced_tables.html]
[demo.admireadmin.com/admire_html/charts.html]
[demo.admireadmin.com/admire_html/advanced_charts.html]
[demo.admireadmin.com/admire_html/chartist.html]
[demo.admireadmin.com/admire_html/rickshaw.html]
[demo.admireadmin.com/admire_html/users.html]
[demo.admireadmin.com/admire_html/add_user.html]
[demo.admireadmin.com/admire_html/view_user.html]
[demo.admireadmin.com/admire_html/delete_user.html]
[demo.admireadmin.com/admire_html/calendar.html]
[demo.admireadmin.com/admire_html/video_gallery.html]
[demo.admireadmin.com/admire_html/mail_view.html]
[demo.admireadmin.com/admire_html/mail_sent.html]
[demo.admireadmin.com/admire_html/mail_spam.html]
[demo.admireadmin.com/admire_html/mail_draft.html]
[demo.admireadmin.com/admire_html/mail_trash.html]
[demo.admireadmin.com/admire_html/jqvmaps.html]
[demo.admireadmin.com/admire_html/404.html]
[demo.admireadmin.com/admire_html/500.html]
[demo.admireadmin.com/admire_html/login1.html]
[demo.admireadmin.com/admire_html/login3.html]
[demo.admireadmin.com/admire_html/register1.html]
[demo.admireadmin.com/admire_html/register2.html]
[demo.admireadmin.com/admire_html/register3.html]
[demo.admireadmin.com/admire_html/lockscreen2.html]
[demo.admireadmin.com/admire_html/lockscreen3.html]
[demo.admireadmin.com/admire_html/invoice.html]
[demo.admireadmin.com/admire_html/blank.html]
[demo.admireadmin.com/admire_html/boxed.html]
[demo.admireadmin.com/admire_html/fixed-header-boxed.html]
[demo.admireadmin.com/admire_html/fixed-header-menu.html]
[demo.admireadmin.com/admire_html/fixed-header.html]
[demo.admireadmin.com/admire_html/fixed-menu-boxed.html]
[demo.admireadmin.com/admire_html/fixed-menu.html]
[demo.admireadmin.com/admire_html/no-header.html]
[demo.admireadmin.com/admire_html/no-left-sidebar.html]
[demo.admireadmin.com/admire_html/img/weather1.png]
[demo.admireadmin.com/admire_html/img/w5.png]
[demo.admireadmin.com/admire_html/img/w2.png]
[demo.admireadmin.com/admire_html/img/w3.png]
[demo.admireadmin.com/admire_html/img/w4.png]
[demo.admireadmin.com/admire_html/js/custom.js]
[demo.admireadmin.com/admire_html/js/components.js]
[demo.admireadmin.com/admire_html/vendors/countUp.js/js/countUp.min.js]
[demo.admireadmin.com/admire_html/vendors/flip/js/jquery.flip.min.js]
[demo.admireadmin.com/admire_html/js/pluginjs/jquery.sparkline.js]
[demo.admireadmin.com/admire_html/vendors/chartist/js/chartist.min.js]
[demo.admireadmin.com/admire_html/js/pluginjs/chartist-tooltip.js]
[demo.admireadmin.com/admire_html/vendors/swiper/js/swiper.min.js]
[demo.admireadmin.com/admire_html/vendors/circliful/js/jquery.circliful.min.js]
[demo.admireadmin.com/admire_html/vendors/flotchart/js/jquery.flot.resize.js]
[demo.admireadmin.com/admire_html/vendors/flotchart/js/jquery.flot.js]
[demo.admireadmin.com/admire_html/js/pages/index.js]
[demo.admireadmin.com/admire_html/index.html]
[demo.admireadmin.com/admire_html/fonts/fontawesome-webfont3e6e.eot]
[demo.admireadmin.com/admire_html/fonts/fontawesome-webfontd41d.eot]
[demo.admireadmin.com/admire_html/fonts/fontawesome-webfont3e6e.woff]
[demo.admireadmin.com/admire_html/fonts/fontawesome-webfont3e6e.ttf]
[demo.admireadmin.com/admire_html/css/components.css]
[demo.admireadmin.com/admire_html/css/custom.css]
[demo.admireadmin.com/admire_html/vendors/chartist/css/chartist.min.css]
[demo.admireadmin.com/admire_html/vendors/circliful/css/jquery.circliful.css]
[demo.admireadmin.com/admire_html/img/sea.jpg]
[demo.admireadmin.com/admire_html/img/swiper_image4.jpg]
[demo.admireadmin.com/admire_html/css/pages/index.css]
[demo.admireadmin.com/admire_html/index-2.html]
[demo.admireadmin.com/admire_html/css/pages/mail_box.css]
[demo.admireadmin.com/admire_html/img/mailbox_imgs/4.jpg]
[demo.admireadmin.com/admire_html/js/pages/mail_box.js]
[demo.admireadmin.com/admire_html/mail_inbox.html]
[demo.admireadmin.com/admire_html/vendors/bootstrap3-wysihtml5-bower/css/bootstrap3-wysihtml5.min.css]
[demo.admireadmin.com/admire_html/mail_compose.html]
[demo.admireadmin.com/admire_html/css/pages/maps.css]
[demo.admireadmin.com/admire_html/js/pluginjs/bootstrap3_wysihtml5.js]
[demo.admireadmin.com/admire_html/maps.html]
[demo.admireadmin.com/admire_html/vendors/gmaps/js/gmaps.min.js]
[demo.admireadmin.com/admire_html/js/pages/maps_page.js]
[demo.admireadmin.com/admire_html/vendors/bootstrap3-wysihtml5-bower/js/bootstrap3-wysihtml5.all.min.js]
[demo.admireadmin.com/admire_html/vendors/fancybox/css/jquery.fancybox.css]
[demo.admireadmin.com/admire_html/vendors/fancybox/css/jquery.fancybox-buttons.css]
[demo.admireadmin.com/admire_html/vendors/fancybox/css/jquery.fancybox-thumbs.css]
[demo.admireadmin.com/admire_html/vendors/imagehover/css/imagehover.min.css]
[demo.admireadmin.com/admire_html/css/pages/gallery.css]
[demo.admireadmin.com/admire_html/img/gallery/full/1.jpg]
[demo.admireadmin.com/admire_html/img/gallery/thumbs/1.jpg]
[demo.admireadmin.com/admire_html/img/gallery/full/2.jpg]
[demo.admireadmin.com/admire_html/img/gallery/thumbs/2.jpg]
[demo.admireadmin.com/admire_html/img/gallery/full/3.jpg]
[demo.admireadmin.com/admire_html/img/gallery/thumbs/3.jpg]
[demo.admireadmin.com/admire_html/img/gallery/full/4.jpg]
[demo.admireadmin.com/admire_html/img/gallery/thumbs/4.jpg]
[demo.admireadmin.com/admire_html/img/gallery/full/5.jpg]
[demo.admireadmin.com/admire_html/img/gallery/thumbs/5.jpg]
[demo.admireadmin.com/admire_html/img/gallery/full/6.jpg]
[demo.admireadmin.com/admire_html/img/gallery/thumbs/6.jpg]
[demo.admireadmin.com/admire_html/img/gallery/full/7.jpg]
[demo.admireadmin.com/admire_html/img/gallery/thumbs/7.jpg]
[demo.admireadmin.com/admire_html/img/gallery/full/8.jpg]
[demo.admireadmin.com/admire_html/img/gallery/thumbs/8.jpg]
[demo.admireadmin.com/admire_html/img/gallery/full/9.jpg]
[demo.admireadmin.com/admire_html/img/gallery/thumbs/9.jpg]
[demo.admireadmin.com/admire_html/img/gallery/full/10.jpg]
[demo.admireadmin.com/admire_html/img/gallery/thumbs/10.jpg]
[demo.admireadmin.com/admire_html/img/gallery/full/11.jpg]
[demo.admireadmin.com/admire_html/img/gallery/thumbs/11.jpg]
[demo.admireadmin.com/admire_html/img/gallery/full/12.jpg]
[demo.admireadmin.com/admire_html/img/gallery/thumbs/12.jpg]
[demo.admireadmin.com/admire_html/img/gallery/full/13.jpg]
[demo.admireadmin.com/admire_html/img/gallery/thumbs/13.jpg]
[demo.admireadmin.com/admire_html/img/gallery/full/14.jpg]
[demo.admireadmin.com/admire_html/img/gallery/thumbs/14.jpg]
[demo.admireadmin.com/admire_html/img/gallery/full/15.jpg]
[demo.admireadmin.com/admire_html/img/gallery/thumbs/15.jpg]
[demo.admireadmin.com/admire_html/vendors/fancybox/js/jquery.fancybox-buttons.js]
[demo.admireadmin.com/admire_html/vendors/fancybox/js/jquery.fancybox.pack.js]
[demo.admireadmin.com/admire_html/vendors/holderjs/js/holder.js]
[demo.admireadmin.com/admire_html/vendors/fancybox/js/jquery.fancybox-thumbs.js]
[demo.admireadmin.com/admire_html/vendors/fancybox/js/jquery.fancybox-media.js]
[demo.admireadmin.com/admire_html/js/pages/gallery.js]
[demo.admireadmin.com/admire_html/gallery.html]
[demo.admireadmin.com/admire_html/vendors/jasny-bootstrap/css/jasny-bootstrap.min.css]
[demo.admireadmin.com/admire_html/vendors/bootstrapvalidator/css/bootstrapValidator.min.css]
[demo.admireadmin.com/admire_html/img/admin2.jpg]
[demo.admireadmin.com/admire_html/js/pluginjs/jasny-bootstrap.js]
[demo.admireadmin.com/admire_html/edit_user.html]
[demo.admireadmin.com/admire_html/js/pages/validation.js]
[demo.admireadmin.com/admire_html/css/pages/login1.css]
[demo.admireadmin.com/admire_html/vendors/bootstrapvalidator/js/bootstrapValidator.min.js]
[demo.admireadmin.com/admire_html/vendors/wow/css/animate.css]
[demo.admireadmin.com/admire_html/css/pages/lockscreen.css]
[demo.admireadmin.com/admire_html/js/jquery.min.js]
[demo.admireadmin.com/admire_html/js/popper.min.js]
[demo.admireadmin.com/admire_html/js/bootstrap.min.js]
[demo.admireadmin.com/admire_html/vendors/wow/js/wow.min.js]
[demo.admireadmin.com/admire_html/js/pages/lockscreen.js]
[demo.admireadmin.com/admire_html/lockscreen.html]
[demo.admireadmin.com/admire_html/css/pages/login2.css]
[demo.admireadmin.com/admire_html/img/logow2.png]
[demo.admireadmin.com/admire_html/forgot_password2.html]
[demo.admireadmin.com/admire_html/vendors/jquery.backstretch/js/jquery.backstretch.js]
[demo.admireadmin.com/admire_html/js/pages/login2.js]
[demo.admireadmin.com/admire_html/login2.html]
[demo.admireadmin.com/admire_html/vendors/c3/css/c3.min.css]
[demo.admireadmin.com/admire_html/vendors/toastr/css/toastr.min.css]
[demo.admireadmin.com/admire_html/vendors/switchery/css/switchery.min.css]
[demo.admireadmin.com/admire_html/css/pages/new_dashboard.css]
[demo.admireadmin.com/admire_html/img/w1.png]
[demo.admireadmin.com/admire_html/img/chrome.png]
[demo.admireadmin.com/admire_html/img/firefox.png]
[demo.admireadmin.com/admire_html/img/safari2.png]
[demo.admireadmin.com/admire_html/img/opera.png]
[demo.admireadmin.com/admire_html/img/Ie.png]
[demo.admireadmin.com/admire_html/img/mobile1.png]
[demo.admireadmin.com/admire_html/img/others.png]
[demo.admireadmin.com/admire_html/img/images.jpg]
[demo.admireadmin.com/admire_html/img/images3.jpg]
[demo.admireadmin.com/admire_html/img/images2.jpg]
[demo.admireadmin.com/admire_html/img/images4.jpg]
[demo.admireadmin.com/admire_html/vendors/raphael/js/raphael.min.js]
[demo.admireadmin.com/admire_html/vendors/toastr/js/toastr.min.js]
[demo.admireadmin.com/admire_html/vendors/d3/js/d3.min.js]
[demo.admireadmin.com/admire_html/vendors/switchery/js/switchery.min.js]
[demo.admireadmin.com/admire_html/vendors/flotchart/js/jquery.flot.stack.js]
[demo.admireadmin.com/admire_html/vendors/c3/js/c3.min.js]
[demo.admireadmin.com/admire_html/vendors/flotchart/js/jquery.flot.time.js]
[demo.admireadmin.com/admire_html/vendors/flotspline/js/jquery.flot.spline.min.js]
[demo.admireadmin.com/admire_html/vendors/flotchart/js/jquery.flot.categories.js]
[demo.admireadmin.com/admire_html/vendors/flotchart/js/jquery.flot.pie.js]
[demo.admireadmin.com/admire_html/vendors/flot.tooltip/js/jquery.flot.tooltip.min.js]
[demo.admireadmin.com/admire_html/vendors/jquery_newsTicker/js/newsTicker.js]
[demo.admireadmin.com/admire_html/js/pages/new_dashboard.js]
[demo.admireadmin.com/admire_html/index1.html]
[demo.admireadmin.com/admire_html/css/pages/general_components.css]
[demo.admireadmin.com/admire_html/general_components.html]
[demo.admireadmin.com/admire_html/vendors/swiper/css/swiper.min.css]
[demo.admireadmin.com/admire_html/img/wallpaper2.jpg]
[demo.admireadmin.com/admire_html/img/wallpaper1.jpg]
[demo.admireadmin.com/admire_html/img/wallpaper3.jpg]
[demo.admireadmin.com/admire_html/img/wallpaper4.jpg]
[demo.admireadmin.com/admire_html/img/wallpaper5.jpg]
[demo.admireadmin.com/admire_html/js/pages/cards.js]
[demo.admireadmin.com/admire_html/cards.html]
[demo.admireadmin.com/admire_html/vendors/animate/css/animate.min.css]
[demo.admireadmin.com/admire_html/css/pages/transitions.css]
[demo.admireadmin.com/admire_html/vendors/Knob/js/jquery.knob.js]
[demo.admireadmin.com/admire_html/js/pages/transitions-sliders.js]
[demo.admireadmin.com/admire_html/transitions.html]
[demo.admireadmin.com/admire_html/vendors/Buttons/css/buttons.min.css]
[demo.admireadmin.com/admire_html/css/pages/buttons.css]
[demo.admireadmin.com/admire_html/vendors/Buttons/js/scrollto.js]
[demo.admireadmin.com/admire_html/vendors/Buttons/js/buttons.js]
[demo.admireadmin.com/admire_html/buttons.html]
[demo.admireadmin.com/admire_html/vendors/themify/css/themify-icons.css]
[demo.admireadmin.com/admire_html/vendors/ionicons/css/ionicons.min.css]
[demo.admireadmin.com/admire_html/css/pages/icon.css]
[demo.admireadmin.com/admire_html/js/pages/icons.js]
[demo.admireadmin.com/admire_html/icons.html]
[demo.admireadmin.com/admire_html/vendors/tooltipster/css/tooltipster.bundle.min.css]
[demo.admireadmin.com/admire_html/vendors/tipso/css/tipso.min.css]
[demo.admireadmin.com/admire_html/vendors/tooltipster/js/tooltipster.bundle.min.js]
[demo.admireadmin.com/admire_html/vendors/tipso/js/tipso.min.js]
[demo.admireadmin.com/admire_html/js/pages/tooltips.js]
[demo.admireadmin.com/admire_html/tooltips.html]
[demo.admireadmin.com/admire_html/vendors/hover/css/hover-min.css]
[demo.admireadmin.com/admire_html/css/pages/animations.css]
[demo.admireadmin.com/admire_html/vendors/snabbt/js/snabbt.min.js]
[demo.admireadmin.com/admire_html/animations.html]
[demo.admireadmin.com/admire_html/vendors/ion-rangeslider/css/ion.rangeSlider.skinFlat.css]
[demo.admireadmin.com/admire_html/vendors/ion-rangeslider/css/ion.rangeSlider.css]
[demo.admireadmin.com/admire_html/vendors/bootstrap-slider/css/bootstrap-slider.min.css]
[demo.admireadmin.com/admire_html/css/pages/slider_ion.css]
[demo.admireadmin.com/admire_html/vendors/ion-rangeslider/js/ion.rangeSlider.min.js]
[demo.admireadmin.com/admire_html/vendors/bootstrap-slider/js/bootstrap-slider.min.js]
[demo.admireadmin.com/admire_html/js/pages/sliders.js]
[demo.admireadmin.com/admire_html/sliders.html]
[demo.admireadmin.com/admire_html/css/pages/toastr.css]
[demo.admireadmin.com/admire_html/vendors/moment/js/moment.min.js]
[demo.admireadmin.com/admire_html/vendors/noty/js/jquery.noty.packaged.min.js]
[demo.admireadmin.com/admire_html/js/pages/toastr_notifications.js]
[demo.admireadmin.com/admire_html/notifications.html]
[demo.admireadmin.com/admire_html/vendors/pnotify/css/pnotify.css]
[demo.admireadmin.com/admire_html/vendors/pnotify/css/pnotify.history.css]
[demo.admireadmin.com/admire_html/vendors/pnotify/css/pnotify.mobile.css]
[demo.admireadmin.com/admire_html/vendors/sweetalert/css/sweetalert2.min.css]
[demo.admireadmin.com/admire_html/css/pages/p_notify.css]
[demo.admireadmin.com/admire_html/vendors/pnotify/js/pnotify.js]
[demo.admireadmin.com/admire_html/vendors/pnotify/js/pnotify.animate.js]
[demo.admireadmin.com/admire_html/vendors/pnotify/js/pnotify.buttons.js]
[demo.admireadmin.com/admire_html/vendors/pnotify/js/pnotify.confirm.js]
[demo.admireadmin.com/admire_html/vendors/pnotify/js/pnotify.nonblock.js]
[demo.admireadmin.com/admire_html/vendors/pnotify/js/pnotify.mobile.js]
[demo.admireadmin.com/admire_html/vendors/pnotify/js/pnotify.desktop.js]
[demo.admireadmin.com/admire_html/vendors/pnotify/js/pnotify.history.js]
[demo.admireadmin.com/admire_html/vendors/pnotify/js/pnotify.callbacks.js]
[demo.admireadmin.com/admire_html/vendors/sweetalert/js/sweetalert2.min.js]
[demo.admireadmin.com/admire_html/js/pages/p_notify.js]
[demo.admireadmin.com/admire_html/p_notify.html]
[demo.admireadmin.com/admire_html/vendors/izitoast/css/iziToast.min.css]
[demo.admireadmin.com/admire_html/vendors/izitoast/js/iziToast.min.js]
[demo.admireadmin.com/admire_html/js/pages/izi_toastr.js]
[demo.admireadmin.com/admire_html/izitoast.html]
[demo.admireadmin.com/admire_html/vendors/cropper/css/cropper.min.css]
[demo.admireadmin.com/admire_html/css/pages/cropper.css]
[demo.admireadmin.com/admire_html/img/crop.png]
[demo.admireadmin.com/admire_html/cropper.html]
[demo.admireadmin.com/admire_html/js/pages/cropper.js]
[demo.admireadmin.com/admire_html/vendors/cropper/js/cropper.min.js]
[demo.admireadmin.com/admire_html/vendors/fileinput/css/fileinput.min.css]
[demo.admireadmin.com/admire_html/vendors/blueimp-gallery-with-desc/css/blueimp-gallery.min.css]
[demo.admireadmin.com/admire_html/vendors/blueimp_file_upload/css/jquery.fileupload.css]
[demo.admireadmin.com/admire_html/vendors/blueimp_file_upload/css/jquery.fileupload-ui.css]
[demo.admireadmin.com/admire_html/vendors/dropify/css/dropify.css]
[demo.admireadmin.com/admire_html/vendors/dropzone/css/dropzone.min.css]
[demo.admireadmin.com/admire_html/css/pages/file_upload.css]
[demo.admireadmin.com/admire_html/vendors/fileinput/js/theme.js]
[demo.admireadmin.com/admire_html/vendors/blueimp-tmpl/js/tmpl.js]
[demo.admireadmin.com/admire_html/vendors/blueimp_file_upload/js/jquery.ui.widget.js]
[demo.admireadmin.com/admire_html/vendors/fileinput/js/fileinput.min.js]
[demo.admireadmin.com/admire_html/vendors/blueimploadimage/js/load-image.all.min.js]
[demo.admireadmin.com/admire_html/vendors/blueimp-canvas-to-blob/js/canvas-to-blob.js]
[demo.admireadmin.com/admire_html/vendors/blueimp-gallery-with-desc/js/jquery.blueimp-gallery.min.js]
[demo.admireadmin.com/admire_html/vendors/blueimp_file_upload/js/jquery.iframe-transport.js]
[demo.admireadmin.com/admire_html/vendors/blueimp_file_upload/js/jquery.fileupload-process.js]
[demo.admireadmin.com/admire_html/vendors/blueimp_file_upload/js/jquery.fileupload.js]
[demo.admireadmin.com/admire_html/vendors/blueimp_file_upload/js/jquery.fileupload-image.js]
[demo.admireadmin.com/admire_html/vendors/blueimp_file_upload/js/jquery.fileupload-audio.js]
[demo.admireadmin.com/admire_html/vendors/blueimp_file_upload/js/jquery.fileupload-video.js]
[demo.admireadmin.com/admire_html/vendors/blueimp_file_upload/js/jquery.fileupload-validate.js]
[demo.admireadmin.com/admire_html/vendors/blueimp_file_upload/js/jquery.fileupload-ui.js]
[demo.admireadmin.com/admire_html/vendors/dropify/js/dropify.js]
[demo.admireadmin.com/admire_html/file_upload.html]
[demo.admireadmin.com/admire_html/js/pages/file_upload.js]
[demo.admireadmin.com/admire_html/vendors/dropzone/js/dropzone.min.js]
[demo.admireadmin.com/admire_html/vendors/jstree/css/style.min.css]
[demo.admireadmin.com/admire_html/jstree.html]
[demo.admireadmin.com/admire_html/js/pages/jstree.js]
[demo.admireadmin.com/admire_html/vendors/modal/css/component.css]
[demo.admireadmin.com/admire_html/vendors/bootstrap-tagsinput/css/bootstrap-tagsinput.css]
[demo.admireadmin.com/admire_html/css/pages/portlet.css]
[demo.admireadmin.com/admire_html/vendors/jstree/js/jstree.min.js]
[demo.admireadmin.com/admire_html/css/pages/advanced_components.css]
[demo.admireadmin.com/admire_html/js/pages/modals.js]
[demo.admireadmin.com/admire_html/modal.html]
[demo.admireadmin.com/admire_html/css/pages/sortable.css]
[demo.admireadmin.com/admire_html/img/authors/avatar.jpg]
[demo.admireadmin.com/admire_html/img/roundicons/flat/Food-19.png]
[demo.admireadmin.com/admire_html/img/roundicons/flat/Technology-10.png]
[demo.admireadmin.com/admire_html/img/authors/avatar7.jpg]
[demo.admireadmin.com/admire_html/vendors/sortable/js/Sortable.js]
[demo.admireadmin.com/admire_html/js/pages/sortable.js]
[demo.admireadmin.com/admire_html/sortable.html]
[demo.admireadmin.com/admire_html/css/pages/sweet_alert.css]
[demo.admireadmin.com/admire_html/sweet_alert.html]
[demo.admireadmin.com/admire_html/grids_layout.html]
[demo.admireadmin.com/admire_html/js/pages/sweet_alerts.js]
[demo.admireadmin.com/admire_html/vendors/bootstrap-switch/css/bootstrap-switch.min.css]
[demo.admireadmin.com/admire_html/css/pages/widgets.css]
[demo.admireadmin.com/admire_html/img/shoesm1.png]
[demo.admireadmin.com/admire_html/img/shoesm2.png]
[demo.admireadmin.com/admire_html/img/shoesm3.png]
[demo.admireadmin.com/admire_html/img/shoes.png]
[demo.admireadmin.com/admire_html/img/shoes2.png]
[demo.admireadmin.com/admire_html/img/shoes3.png]
[demo.admireadmin.com/admire_html/img/authors/avatar1.jpg]
[demo.admireadmin.com/admire_html/vendors/bootstrap-switch/js/bootstrap-switch.min.js]
[demo.admireadmin.com/admire_html/js/pages/widget1.js]
[demo.admireadmin.com/admire_html/widgets1.html]
[demo.admireadmin.com/admire_html/img/widget_image1.jpg]
[demo.admireadmin.com/admire_html/img/images1.jpg]
[demo.admireadmin.com/admire_html/img/widget_image3.jpg]
[demo.admireadmin.com/admire_html/img/swiper_image1.jpg]
[demo.admireadmin.com/admire_html/img/swiper_image2.jpg]
[demo.admireadmin.com/admire_html/img/swiper_image3.jpg]
[demo.admireadmin.com/admire_html/js/pages/widget2.js]
[demo.admireadmin.com/admire_html/widgets2.html]
[demo.admireadmin.com/admire_html/vendors/ihover/css/ihover.min.css]
[demo.admireadmin.com/admire_html/img/tshirt2.png]
[demo.admireadmin.com/admire_html/img/flower3.jpg]
[demo.admireadmin.com/admire_html/js/pages/widget3.js]
[demo.admireadmin.com/admire_html/widgets3.html]
[demo.admireadmin.com/admire_html/vendors/inputlimiter/css/jquery.inputlimiter.css]
[demo.admireadmin.com/admire_html/vendors/chosen/css/chosen.min.css]
[demo.admireadmin.com/admire_html/vendors/bootstrap-colorpicker/css/bootstrap-colorpicker.min.css]
[demo.admireadmin.com/admire_html/vendors/jquery-tagsinput/css/jquery.tagsinput.min.css]
[demo.admireadmin.com/admire_html/vendors/daterangepicker/css/daterangepicker.css]
[demo.admireadmin.com/admire_html/vendors/datepicker/css/bootstrap-datepicker.min.css]
[demo.admireadmin.com/admire_html/vendors/bootstrap-timepicker/css/bootstrap-timepicker.min.css]
[demo.admireadmin.com/admire_html/vendors/multiselect/css/multi-select.css]
[demo.admireadmin.com/admire_html/css/pages/form_elements.css]
[demo.admireadmin.com/admire_html/vendors/jquery.uniform/js/jquery.uniform.js]
[demo.admireadmin.com/admire_html/vendors/inputlimiter/js/jquery.inputlimiter.js]
[demo.admireadmin.com/admire_html/vendors/chosen/js/chosen.jquery.min.js]
[demo.admireadmin.com/admire_html/vendors/bootstrap-colorpicker/js/bootstrap-colorpicker.min.js]
[demo.admireadmin.com/admire_html/vendors/jquery-tagsinput/js/jquery.tagsinput.min.js]
[demo.admireadmin.com/admire_html/js/pluginjs/jquery.validVal.min.js]
[demo.admireadmin.com/admire_html/vendors/daterangepicker/js/daterangepicker.js]
[demo.admireadmin.com/admire_html/vendors/datepicker/js/bootstrap-datepicker.min.js]
[demo.admireadmin.com/admire_html/vendors/bootstrap-timepicker/js/bootstrap-timepicker.min.js]
[demo.admireadmin.com/admire_html/vendors/autosize/js/jquery.autosize.min.js]
[demo.admireadmin.com/admire_html/vendors/inputmask/js/jquery.inputmask.js]
[demo.admireadmin.com/admire_html/vendors/inputmask/js/inputmask.date.extensions.js]
[demo.admireadmin.com/admire_html/vendors/inputmask/js/inputmask.extensions.js]
[demo.admireadmin.com/admire_html/vendors/inputmask/js/inputmask.js]
[demo.admireadmin.com/admire_html/vendors/multiselect/js/jquery.multi-select.js]
[demo.admireadmin.com/admire_html/js/form.js]
[cdnjs.cloudflare.com/ajax/libs/jquery.quicksearch/2.3.1/jquery.quicksearch.min.js]
[demo.admireadmin.com/admire_html/form_elements.html]
[demo.admireadmin.com/admire_html/js/pages/form_elements.js]
[demo.admireadmin.com/admire_html/vendors/intl-tel-input/css/intlTelInput.css]
[demo.admireadmin.com/admire_html/css/pages/form_layouts.css]
[demo.admireadmin.com/admire_html/form_layouts.html]
[demo.admireadmin.com/admire_html/js/pages/form_layouts.js]
[demo.admireadmin.com/admire_html/vendors/jquery-validation-engine/css/validationEngine.jquery.css]
[demo.admireadmin.com/admire_html/vendors/datetimepicker/css/DateTimePicker.min.css]
[demo.admireadmin.com/admire_html/vendors/intl-tel-input/js/intlTelInput.js]
[demo.admireadmin.com/admire_html/css/pages/form_validations.css]
[demo.admireadmin.com/admire_html/vendors/jquery-validation-engine/js/jquery.validationEngine-en.js]
[demo.admireadmin.com/admire_html/vendors/jquery-validation-engine/js/jquery.validationEngine.js]
[demo.admireadmin.com/admire_html/vendors/jquery-validation/js/jquery.validate.js]
[demo.admireadmin.com/admire_html/js/pages/form_validation.js]
[demo.admireadmin.com/admire_html/vendors/datetimepicker/js/DateTimePicker.min.js]
[demo.admireadmin.com/admire_html/form_validations.html]
[demo.admireadmin.com/admire_html/vendors/summernote/css/summernote.css]
[demo.admireadmin.com/admire_html/vendors/summernote/js/summernote.min.js]
[demo.admireadmin.com/admire_html/js/pages/form_editors.js]
[demo.admireadmin.com/admire_html/form_editors.html]
[demo.admireadmin.com/admire_html/vendors/radio_css/css/radiobox.min.css]
[demo.admireadmin.com/admire_html/vendors/checkbox_css/css/checkbox.min.css]
[demo.admireadmin.com/admire_html/css/pages/radio_checkbox.css]
[demo.admireadmin.com/admire_html/js/pages/radio_checkbox.js]
[demo.admireadmin.com/admire_html/radio_checkbox.html]
[demo.admireadmin.com/admire_html/css/pages/wizards.css]
[demo.admireadmin.com/admire_html/vendors/twitter-bootstrap-wizard/js/jquery.bootstrap.wizard.min.js]
[demo.admireadmin.com/admire_html/js/pages/wizard.js]
[demo.admireadmin.com/admire_html/form_wizards.html]
[demo.admireadmin.com/admire_html/vendors/j_timepicker/css/jquery.timepicker.css]
[demo.admireadmin.com/admire_html/vendors/clockpicker/css/jquery-clockpicker.css]
[demo.admireadmin.com/admire_html/css/pages/colorpicker_hack.css]
[demo.admireadmin.com/admire_html/vendors/jasny-bootstrap/js/jasny-bootstrap.min.js]
[demo.admireadmin.com/admire_html/vendors/jasny-bootstrap/js/inputmask.js]
[demo.admireadmin.com/admire_html/vendors/tinymce/js/tinymce.min.js]
[demo.admireadmin.com/admire_html/vendors/j_timepicker/js/jquery.timepicker.min.js]
[demo.admireadmin.com/admire_html/vendors/clockpicker/js/jquery-clockpicker.min.js]
[demo.admireadmin.com/admire_html/vendors/inputmask/js/jquery.inputmask.bundle.js]
[demo.admireadmin.com/admire_html/datetime_picker.html]
[demo.admireadmin.com/admire_html/js/pages/datetime_piker.js]
[demo.admireadmin.com/admire_html/vendors/starability/css/starability-all.css]
[demo.admireadmin.com/admire_html/vendors/bootstraprating/css/star-rating.min.css]
[demo.admireadmin.com/admire_html/vendors/rateyo/css/jquery.rateyo.css]
[demo.admireadmin.com/admire_html/css/pages/ratings.css]
[demo.admireadmin.com/admire_html/vendors/bootstraprating/js/star-rating.min.js]
[demo.admireadmin.com/admire_html/ratings.html]
[demo.admireadmin.com/admire_html/js/pages/ratings.js]
[demo.admireadmin.com/admire_html/vendors/rateyo/js/jquery.rateyo.js]
[demo.admireadmin.com/admire_html/css/pages/tables.css]
[demo.admireadmin.com/admire_html/simple_tables.html]
[demo.admireadmin.com/admire_html/vendors/select2/css/select2.min.css]
[demo.admireadmin.com/admire_html/vendors/datatables/css/scroller.bootstrap.min.css]
[demo.admireadmin.com/admire_html/vendors/datatables/css/colReorder.bootstrap.min.css]
[demo.admireadmin.com/admire_html/vendors/datatables/css/dataTables.bootstrap.css]
[demo.admireadmin.com/admire_html/css/pages/dataTables.bootstrap.css]
[demo.admireadmin.com/admire_html/vendors/select2/js/select2.js]
[demo.admireadmin.com/admire_html/vendors/datatables/js/dataTables.bootstrap.js]
[demo.admireadmin.com/admire_html/js/pluginjs/dataTables.tableTools.js]
[demo.admireadmin.com/admire_html/vendors/datatables/js/dataTables.colReorder.js]
[demo.admireadmin.com/admire_html/vendors/datatables/js/dataTables.buttons.min.js]
[demo.admireadmin.com/admire_html/vendors/datatables/js/dataTables.responsive.min.js]
[demo.admireadmin.com/admire_html/vendors/datatables/js/dataTables.rowReorder.min.js]
[demo.admireadmin.com/admire_html/vendors/datatables/js/buttons.colVis.min.js]
[demo.admireadmin.com/admire_html/vendors/datatables/js/buttons.html5.min.js]
[demo.admireadmin.com/admire_html/vendors/datatables/js/buttons.bootstrap.min.js]
[demo.admireadmin.com/admire_html/vendors/datatables/js/buttons.print.min.js]
[demo.admireadmin.com/admire_html/vendors/datatables/js/jquery.dataTables.js]
[demo.admireadmin.com/admire_html/vendors/datatables/js/dataTables.scroller.min.js]
[demo.admireadmin.com/admire_html/js/pages/simple_datatables.js]
[demo.admireadmin.com/admire_html/simple_datatables.html]
[demo.admireadmin.com/admire_html/css/plugincss/responsive.dataTables.min.css]
[demo.admireadmin.com/admire_html/js/pluginjs/jquery.dataTables.min.js]
[demo.admireadmin.com/admire_html/js/pages/datatable.js]
[demo.admireadmin.com/admire_html/datatables.html]
[demo.admireadmin.com/admire_html/js/pages/advanced_tables.js]
[demo.admireadmin.com/admire_html/advanced_tables.html]
[demo.admireadmin.com/admire_html/css/pages/flot_charts.css]
[demo.admireadmin.com/admire_html/js/pages/flot_charts.js]
[demo.admireadmin.com/admire_html/charts.html]
[demo.admireadmin.com/admire_html/css/pages/advanced_charts.css]
[demo.admireadmin.com/admire_html/vendors/justgage/js/justgage.js]
[demo.admireadmin.com/admire_html/js/pages/advanced_charts.js]
[demo.admireadmin.com/admire_html/advanced_charts.html]
[demo.admireadmin.com/admire_html/css/pages/chartist.css]
[demo.admireadmin.com/admire_html/js/pages/chartist.js]
[demo.admireadmin.com/admire_html/chartist.html]
[demo.admireadmin.com/admire_html/vendors/rickshaw/css/rickshaw.min.css]
[demo.admireadmin.com/admire_html/css/pages/rickshaw.css]
[demo.admireadmin.com/admire_html/vendors/rickshaw/js/rickshaw.min.js]
[demo.admireadmin.com/admire_html/js/pages/richshaw_chart.js]
[demo.admireadmin.com/admire_html/rickshaw.html]
[demo.admireadmin.com/admire_html/js/pages/users.js]
[demo.admireadmin.com/admire_html/users.html]
[demo.admireadmin.com/admire_html/add_user.html]
[demo.admireadmin.com/admire_html/vendors/fullcalendar/css/fullcalendar.min.css]
[demo.admireadmin.com/admire_html/css/pages/timeline2.css]
[demo.admireadmin.com/admire_html/css/pages/calendar_custom.css]
[demo.admireadmin.com/admire_html/css/pages/profile.css]
[demo.admireadmin.com/admire_html/img/mailbox_imgs/10.jpg]
[demo.admireadmin.com/admire_html/img/roundicons/flat/Office-27.png]
[demo.admireadmin.com/admire_html/img/roundicons/flat/Technology-07.png]
[demo.admireadmin.com/admire_html/img/roundicons/flat/Office-06.png]
[demo.admireadmin.com/admire_html/vendors/bootstrap_calendar/js/bootstrap_calendar.min.js]
[demo.admireadmin.com/admire_html/view_user.html]
[demo.admireadmin.com/admire_html/js/pages/mini_calendar.js]
[demo.admireadmin.com/admire_html/delete_user.html]
[demo.admireadmin.com/admire_html/vendors/fullcalendar/js/fullcalendar.min.js]
[demo.admireadmin.com/admire_html/js/pluginjs/calendarcustom.js]
[demo.admireadmin.com/admire_html/js/pages/calendar.js]
[demo.admireadmin.com/admire_html/calendar.html]
[demo.admireadmin.com/admire_html/vendors/unitegallery/css/unite-gallery.css]
[demo.admireadmin.com/admire_html/vendors/unitegallery/themes/default/ug-theme-default.css]
[demo.admireadmin.com/admire_html/vendors/unitegallery/themes/video/skin-bottom-text.css]
[demo.admireadmin.com/admire_html/vendors/unitegallery/themes/video/skin-right-no-thumb.css]
[demo.admireadmin.com/admire_html/vendors/unitegallery/themes/video/skin-right-thumb.css]
[demo.admireadmin.com/admire_html/vendors/unitegallery/themes/video/skin-right-title-only.css]
[demo.admireadmin.com/admire_html/css/pages/video_gallery.css]
[i.ytimg.com/vi/sogCtOe8FFY/mqdefault.jpg]
[i.ytimg.com/vi/sogCtOe8FFY/sddefault.jpg]
[i.ytimg.com/vi/fvvoVD_5PHE/mqdefault.jpg]
[i.ytimg.com/vi/fvvoVD_5PHE/sddefault.jpg]
[i.ytimg.com/vi/sXk2AbdTe68/mqdefault.jpg]
[i.ytimg.com/vi/sXk2AbdTe68/sddefault.jpg]
[i.ytimg.com/vi/KEoXn34ilKY/mqdefault.jpg]
[i.ytimg.com/vi/KEoXn34ilKY/sddefault.jpg]
[i.ytimg.com/vi/rUi3X3G63dg/mqdefault.jpg]
[i.ytimg.com/vi/rUi3X3G63dg/sddefault.jpg]
[i.ytimg.com/vi/oc1HDF2AyNE/mqdefault.jpg]
[i.ytimg.com/vi/oc1HDF2AyNE/sddefault.jpg]
[i.ytimg.com/vi/gMaDhkNJA2g/mqdefault.jpg]
[i.ytimg.com/vi/gMaDhkNJA2g/sddefault.jpg]
[i.ytimg.com/vi/FWN08M0kg4c/mqdefault.jpg]
[i.ytimg.com/vi/FWN08M0kg4c/sddefault.jpg]
[i.ytimg.com/vi/K9XCKP9KN7A/mqdefault.jpg]
[i.ytimg.com/vi/K9XCKP9KN7A/sddefault.jpg]
[i.ytimg.com/vi/2dv4IP4Jd9w/mqdefault.jpg]
[i.ytimg.com/vi/2dv4IP4Jd9w/sddefault.jpg]
[i.ytimg.com/vi/uHEs5JRFEUU/mqdefault.jpg]
[i.ytimg.com/vi/uHEs5JRFEUU/sddefault.jpg]
[i.ytimg.com/vi/vSROSencBss/mqdefault.jpg]
[i.ytimg.com/vi/vSROSencBss/sddefault.jpg]
[demo.admireadmin.com/admire_html/vendors/unitegallery/themes/video/ug-theme-video.js]
[demo.admireadmin.com/admire_html/vendors/unitegallery/themes/tiles/ug-theme-tiles.js]
[demo.admireadmin.com/admire_html/js/pages/video_gallery.js]
[demo.admireadmin.com/admire_html/video_gallery.html]
[demo.admireadmin.com/admire_html/mail_view.html]
[demo.admireadmin.com/admire_html/mail_sent.html]
[demo.admireadmin.com/admire_html/js/pages/mail_sent.js]
[demo.admireadmin.com/admire_html/mail_spam.html]
[demo.admireadmin.com/admire_html/mail_draft.html]
[demo.admireadmin.com/admire_html/mail_trash.html]
[demo.admireadmin.com/admire_html/vendors/jqvmap/css/jqvmap.min.css]
[demo.admireadmin.com/admire_html/vendors/unitegallery/js/unitegallery.min.js]
[demo.admireadmin.com/admire_html/vendors/jqvmap/js/jquery.vmap.min.js]
[demo.admireadmin.com/admire_html/vendors/jqvmap/js/jquery.vmap.world.js]
[demo.admireadmin.com/admire_html/vendors/jqvmap/js/jquery.vmap.usa.js]
[demo.admireadmin.com/admire_html/js/pluginjs/sample_data.js]
[demo.admireadmin.com/admire_html/vendors/jqvmap/js/jquery.vmap.europe.js]
[demo.admireadmin.com/admire_html/jqvmaps.html]
[demo.admireadmin.com/admire_html/js/pages/jqvmaps.js]
[demo.admireadmin.com/admire_html/css/pages/404.css]
[demo.admireadmin.com/admire_html/vendors/jqvmap/js/jquery.vmap.canada.js]
[demo.admireadmin.com/admire_html/vendors/jqvmap/js/jquery.vmap.russia.js]
[demo.admireadmin.com/admire_html/img/404.png]
[demo.admireadmin.com/admire_html/js/pages/404.js]
[demo.admireadmin.com/admire_html/404.html]
[demo.admireadmin.com/admire_html/img/500.png]
[demo.admireadmin.com/admire_html/500.html]
[demo.admireadmin.com/admire_html/forgot_password1.html]
[demo.admireadmin.com/admire_html/login1.html]
[demo.admireadmin.com/admire_html/js/pages/login1.js]
[demo.admireadmin.com/admire_html/css/pages/login3.css]
[demo.admireadmin.com/admire_html/forgot_password3.html]
[demo.admireadmin.com/admire_html/login3.html]
[demo.admireadmin.com/admire_html/js/pages/login3.js]
[demo.admireadmin.com/admire_html/js/pages/register.js]
[demo.admireadmin.com/admire_html/register1.html]
[demo.admireadmin.com/admire_html/register2.html]
[demo.admireadmin.com/admire_html/register3.html]
[demo.admireadmin.com/admire_html/css/pages/lockscreen2.css]
[demo.admireadmin.com/admire_html/lockscreen2.html]
[demo.admireadmin.com/admire_html/js/pages/lockscreen2.js]
[demo.admireadmin.com/admire_html/js/pages/lockscreen3.js]
[demo.admireadmin.com/admire_html/lockscreen3.html]
[demo.admireadmin.com/admire_html/css/pages/invoice.css]
[demo.admireadmin.com/admire_html/invoice.html]
[demo.admireadmin.com/admire_html/blank.html]
[demo.admireadmin.com/admire_html/boxed.html]
[demo.admireadmin.com/admire_html/fixed-header-boxed.html]
[demo.admireadmin.com/admire_html/css/pages/layouts.css]
[demo.admireadmin.com/admire_html/fixed-header-menu.html]
[demo.admireadmin.com/admire_html/fixed-header.html]
[demo.admireadmin.com/admire_html/fixed-menu-boxed.html]
[demo.admireadmin.com/admire_html/fixed-menu.html]
[demo.admireadmin.com/admire_html/no-header.html]
[demo.admireadmin.com/admire_html/no-left-sidebar.html]
[demo.admireadmin.com/admire_html/blue_black_skin.html]
[demo.admireadmin.com/admire_html/green_black_skin.html]
[demo.admireadmin.com/admire_html/purple_black_skin.html]
[demo.admireadmin.com/admire_html/orange_black_skin.html]
[demo.admireadmin.com/admire_html/red_black_skin.html]
[demo.admireadmin.com/admire_html/mint_black_skin.html]
[demo.admireadmin.com/admire_html/brown_black_skin.html]
[demo.admireadmin.com/admire_html/black_skin.html]
[demo.admireadmin.com/admire_html/blue_skin.html]
[demo.admireadmin.com/admire_html/green_skin.html]
[demo.admireadmin.com/admire_html/purple_skin.html]
[demo.admireadmin.com/admire_html/orange_skin.html]
[demo.admireadmin.com/admire_html/red_skin.html]
[demo.admireadmin.com/admire_html/mint_skin.html]
[demo.admireadmin.com/admire_html/brown_skin.html]
[demo.admireadmin.com/admire_html/fonts/fontawesome-webfont3e6e.html]
[demo.admireadmin.com/admire_html/js/pages/fixed_menu.js]
[demo.admireadmin.com/admire_html/fonts/fontawesome-webfont3e6e.svg]
[demo.admireadmin.com/admire_html/css/pages/mail_box.css]
[demo.admireadmin.com/admire_html/vendors/bootstrap3-wysihtml5-bower/css/bootstrap3-wysihtml5.min.css]
[demo.admireadmin.com/admire_html/css/pages/maps.css]
[demo.admireadmin.com/admire_html/vendors/fancybox/css/fancybox_sprite.png]
[demo.admireadmin.com/admire_html/vendors/fancybox/css/fancybox_loading.gif]
[demo.admireadmin.com/admire_html/vendors/fancybox/css/blank.gif]
[demo.admireadmin.com/admire_html/vendors/fancybox/css/fancybox_overlay.png]
[demo.admireadmin.com/admire_html/vendors/fancybox/css/fancybox_sprite@2x.png]
[demo.admireadmin.com/admire_html/vendors/fancybox/css/fancybox_loading@2x.gif]
[demo.admireadmin.com/admire_html/vendors/fancybox/css/jquery.fancybox.css]
[demo.admireadmin.com/admire_html/vendors/fancybox/css/jquery.fancybox-buttons.css]
[demo.admireadmin.com/admire_html/vendors/fancybox/css/jquery.fancybox-thumbs.css]
[demo.admireadmin.com/admire_html/vendors/imagehover/css/imagehover.min.css]
[demo.admireadmin.com/admire_html/css/pages/gallery.css]
[demo.admireadmin.com/admire_html/vendors/jasny-bootstrap/css/jasny-bootstrap.min.css]
[demo.admireadmin.com/admire_html/vendors/bootstrapvalidator/css/bootstrapValidator.min.css]
[demo.admireadmin.com/admire_html/img/login.jpg]
[demo.admireadmin.com/admire_html/css/pages/login1.css]
[demo.admireadmin.com/admire_html/vendors/wow/css/animate.css]
[demo.admireadmin.com/admire_html/css/pages/lockscreen.css]
[demo.admireadmin.com/admire_html/img/login1_background.jpg]
[demo.admireadmin.com/admire_html/css/pages/login2.css]
[demo.admireadmin.com/admire_html/forgot_password2.html]
[demo.admireadmin.com/admire_html/vendors/c3/css/c3.min.css]
[demo.admireadmin.com/admire_html/vendors/toastr/css/toastr.min.css]
[demo.admireadmin.com/admire_html/vendors/switchery/css/switchery.min.css]
[demo.admireadmin.com/admire_html/css/pages/new_dashboard.css]
[demo.admireadmin.com/admire_html/css/pages/general_components.css]
[demo.admireadmin.com/admire_html/vendors/swiper/css/swiper.min.css]
[demo.admireadmin.com/admire_html/vendors/animate/css/animate.min.css]
[demo.admireadmin.com/admire_html/css/pages/transitions.css]
[demo.admireadmin.com/admire_html/vendors/Buttons/css/buttons.min.css]
[demo.admireadmin.com/admire_html/css/pages/buttons.css]
[demo.admireadmin.com/admire_html/vendors/themify/fonts/themify.woff]
[demo.admireadmin.com/admire_html/vendors/themify/fonts/themify.ttf]
[demo.admireadmin.com/admire_html/vendors/themify/css/themify-icons.css]
[demo.admireadmin.com/admire_html/vendors/ionicons/fonts/ioniconsbab9.eot]
[demo.admireadmin.com/admire_html/vendors/ionicons/fonts/ioniconsbab9.ttf]
[demo.admireadmin.com/admire_html/vendors/ionicons/fonts/ioniconsbab9.woff]
[demo.admireadmin.com/admire_html/vendors/ionicons/css/ionicons.min.css]
[demo.admireadmin.com/admire_html/css/pages/icon.css]
[demo.admireadmin.com/admire_html/vendors/tooltipster/css/tooltipster.bundle.min.css]
[demo.admireadmin.com/admire_html/vendors/tipso/css/tipso.min.css]
[demo.admireadmin.com/admire_html/vendors/hover/css/hover-min.css]
[demo.admireadmin.com/admire_html/css/pages/animations.css]
[demo.admireadmin.com/admire_html/vendors/ion-rangeslider/img/sprite-skin-flat.png]
[demo.admireadmin.com/admire_html/vendors/ion-rangeslider/css/ion.rangeSlider.skinFlat.css]
[demo.admireadmin.com/admire_html/vendors/ion-rangeslider/css/ion.rangeSlider.css]
[demo.admireadmin.com/admire_html/vendors/bootstrap-slider/css/bootstrap-slider.min.css]
[demo.admireadmin.com/admire_html/css/pages/slider_ion.css]
[demo.admireadmin.com/admire_html/css/pages/toastr.css]
[demo.admireadmin.com/admire_html/vendors/pnotify/css/pnotify.css]
[demo.admireadmin.com/admire_html/vendors/pnotify/css/pnotify.buttons.css]
[demo.admireadmin.com/admire_html/vendors/pnotify/css/pnotify.history.css]
[demo.admireadmin.com/admire_html/vendors/pnotify/css/pnotify.mobile.css]
[demo.admireadmin.com/admire_html/vendors/sweetalert/css/sweetalert2.min.css]
[demo.admireadmin.com/admire_html/css/pages/p_notify.css]
[demo.admireadmin.com/admire_html/vendors/izitoast/css/iziToast.min.css]
[demo.admireadmin.com/admire_html/vendors/cropper/css/cropper.min.css]
[demo.admireadmin.com/admire_html/css/pages/cropper.css]
[demo.admireadmin.com/admire_html/cropped.html]
[demo.admireadmin.com/admire_html/vendors/fileinput/img/loading.gif]
[demo.admireadmin.com/admire_html/vendors/fileinput/css/fileinput.min.css]
[demo.admireadmin.com/admire_html/vendors/blueimp-gallery-with-desc/css/blueimp-gallery.min.css]
[demo.admireadmin.com/admire_html/vendors/blueimp_file_upload/css/jquery.fileupload.css]
[demo.admireadmin.com/admire_html/vendors/blueimp_file_upload/img/progressbar.gif]
[demo.admireadmin.com/admire_html/vendors/blueimp_file_upload/img/loading.gif]
[demo.admireadmin.com/admire_html/vendors/blueimp_file_upload/css/jquery.fileupload-ui.css]
[demo.admireadmin.com/admire_html/vendors/dropify/fonts/dropify.eot]
[demo.admireadmin.com/admire_html/vendors/dropify/fonts/dropify.woff]
[demo.admireadmin.com/admire_html/vendors/dropify/fonts/dropify.ttf]
[demo.admireadmin.com/admire_html/vendors/dropify/css/dropify.css]
[demo.admireadmin.com/admire_html/vendors/dropzone/css/dropzone.min.css]
[demo.admireadmin.com/admire_html/css/pages/file_upload.css]
[demo.admireadmin.com/admire_html/vendors/jstree/css/style.min.css]
[demo.admireadmin.com/admire_html/vendors/modal/css/component.css]
[demo.admireadmin.com/admire_html/vendors/bootstrap-tagsinput/css/bootstrap-tagsinput.css]
[demo.admireadmin.com/admire_html/css/pages/portlet.css]
[demo.admireadmin.com/admire_html/css/pages/advanced_components.css]
[demo.admireadmin.com/admire_html/css/pages/sortable.css]
[demo.admireadmin.com/admire_html/css/pages/sweet_alert.css]
[demo.admireadmin.com/admire_html/vendors/bootstrap-switch/css/bootstrap-switch.min.css]
[demo.admireadmin.com/admire_html/img/flower4.jpg]
[demo.admireadmin.com/admire_html/css/pages/widgets.css]
[demo.admireadmin.com/admire_html/vendors/ihover/css/ihover.min.css]
[demo.admireadmin.com/admire_html/vendors/inputlimiter/css/jquery.inputlimiter.css]
[demo.admireadmin.com/admire_html/vendors/chosen/css/chosen-sprite.png]
[demo.admireadmin.com/admire_html/vendors/chosen/css/chosen-sprite@2x.png]
[demo.admireadmin.com/admire_html/vendors/chosen/css/chosen.min.css]
[demo.admireadmin.com/admire_html/vendors/bootstrap-colorpicker/css/bootstrap-colorpicker.min.css]
[demo.admireadmin.com/admire_html/vendors/jquery-tagsinput/css/jquery.tagsinput.min.css]
[demo.admireadmin.com/admire_html/vendors/daterangepicker/css/daterangepicker.css]
[demo.admireadmin.com/admire_html/vendors/datepicker/css/bootstrap-datepicker.min.css]
[demo.admireadmin.com/admire_html/vendors/bootstrap-timepicker/css/bootstrap-timepicker.min.css]
[demo.admireadmin.com/admire_html/vendors/multiselect/img/switch.png]
[demo.admireadmin.com/admire_html/vendors/multiselect/css/multi-select.css]
[demo.admireadmin.com/admire_html/css/pages/form_elements.css]
[demo.admireadmin.com/admire_html/vendors/intl-tel-input/img/flags.png]
[demo.admireadmin.com/admire_html/vendors/intl-tel-input/img/flags@2x.png]
[demo.admireadmin.com/admire_html/vendors/intl-tel-input/css/intlTelInput.css]
[demo.admireadmin.com/admire_html/css/pages/form_layouts.css]
[demo.admireadmin.com/admire_html/vendors/jquery-validation-engine/css/validationEngine.jquery.css]
[demo.admireadmin.com/admire_html/vendors/datetimepicker/css/DateTimePicker.min.css]
[demo.admireadmin.com/admire_html/css/pages/form_validations.css]
[demo.admireadmin.com/admire_html/vendors/summernote/css/font/summernote291f.eot]
[demo.admireadmin.com/admire_html/vendors/summernote/css/font/summernoted41d.eot]
[demo.admireadmin.com/admire_html/vendors/summernote/css/font/summernote291f.woff]
[demo.admireadmin.com/admire_html/vendors/summernote/css/font/summernote291f.ttf]
[demo.admireadmin.com/admire_html/vendors/summernote/css/summernote.css]
[demo.admireadmin.com/admire_html/vendors/radio_css/css/radiobox.min.css]
[demo.admireadmin.com/admire_html/vendors/checkbox_css/css/checkbox.min.css]
[demo.admireadmin.com/admire_html/css/pages/radio_checkbox.css]
[demo.admireadmin.com/admire_html/css/pages/wizards.css]
[demo.admireadmin.com/admire_html/vendors/j_timepicker/css/jquery.timepicker.css]
[demo.admireadmin.com/admire_html/vendors/clockpicker/css/jquery-clockpicker.css]
[demo.admireadmin.com/admire_html/img/saturation.png]
[demo.admireadmin.com/admire_html/img/hue.png]
[demo.admireadmin.com/admire_html/img/alpha.png]
[demo.admireadmin.com/admire_html/css/pages/colorpicker_hack.css]
[demo.admireadmin.com/admire_html/vendors/starability/css/starability-all.css]
[demo.admireadmin.com/admire_html/vendors/bootstraprating/img/loading.gif]
[demo.admireadmin.com/admire_html/vendors/bootstraprating/css/star-rating.min.css]
[demo.admireadmin.com/admire_html/vendors/rateyo/css/jquery.rateyo.css]
[demo.admireadmin.com/admire_html/css/pages/ratings.css]
[demo.admireadmin.com/admire_html/img/datatable-row-openclose.png]
[demo.admireadmin.com/admire_html/css/pages/tables.css]
[demo.admireadmin.com/admire_html/vendors/select2/css/select2.min.css]
[demo.admireadmin.com/admire_html/vendors/datatables/css/scroller.bootstrap.min.css]
[demo.admireadmin.com/admire_html/vendors/datatables/css/colReorder.bootstrap.min.css]
[demo.admireadmin.com/admire_html/vendors/datatables/css/dataTables.bootstrap.css]
[demo.admireadmin.com/admire_html/css/pages/dataTables.bootstrap.css]
[demo.admireadmin.com/admire_html/css/plugincss/responsive.dataTables.min.css]
[demo.admireadmin.com/admire_html/css/pages/flot_charts.css]
[demo.admireadmin.com/admire_html/css/pages/advanced_charts.css]
[demo.admireadmin.com/admire_html/css/pages/chartist.css]
[demo.admireadmin.com/admire_html/vendors/rickshaw/css/rickshaw.min.css]
[demo.admireadmin.com/admire_html/css/pages/rickshaw.css]
[demo.admireadmin.com/admire_html/holder.js/230x170.html]
[demo.admireadmin.com/admire_html/vendors/fullcalendar/css/fullcalendar.min.css]
[demo.admireadmin.com/admire_html/css/pages/timeline2.css]
[demo.admireadmin.com/admire_html/css/pages/calendar_custom.css]
[demo.admireadmin.com/admire_html/css/pages/profile.css]
[demo.admireadmin.com/admire_html/vendors/unitegallery/images/loader_skype_trans.gif]
[demo.admireadmin.com/admire_html/vendors/unitegallery/images/loader-white1.gif]
[demo.admireadmin.com/admire_html/vendors/unitegallery/images/loader-black1.gif]
[demo.admireadmin.com/admire_html/vendors/unitegallery/images/loader-white2.gif]
[demo.admireadmin.com/admire_html/vendors/unitegallery/images/loader-black2.gif]
[demo.admireadmin.com/admire_html/vendors/unitegallery/images/loader-white3.gif]
[demo.admireadmin.com/admire_html/vendors/unitegallery/images/loader-black3.gif]
[demo.admireadmin.com/admire_html/vendors/unitegallery/images/loader-white4.gif]
[demo.admireadmin.com/admire_html/vendors/unitegallery/images/loader-black4.gif]
[demo.admireadmin.com/admire_html/vendors/unitegallery/images/loader-white5.gif]
[demo.admireadmin.com/admire_html/vendors/unitegallery/images/loader-black5.gif]
[demo.admireadmin.com/admire_html/vendors/unitegallery/images/loader-white6.gif]
[demo.admireadmin.com/admire_html/vendors/unitegallery/images/loader-black6.gif]
[demo.admireadmin.com/admire_html/vendors/unitegallery/images/loader-white7.gif]
[demo.admireadmin.com/admire_html/vendors/unitegallery/images/loader-black7.gif]
[demo.admireadmin.com/admire_html/vendors/unitegallery/images/play-button-square.png]
[demo.admireadmin.com/admire_html/vendors/unitegallery/images/play-button-round.png]
[demo.admireadmin.com/admire_html/vendors/unitegallery/images/button-close.png]
[demo.admireadmin.com/admire_html/vendors/unitegallery/images/loader.gif]
[demo.admireadmin.com/admire_html/vendors/unitegallery/images/loader_bright.gif]
[demo.admireadmin.com/admire_html/vendors/unitegallery/images/not_loaded.png]
[demo.admireadmin.com/admire_html/vendors/unitegallery/images/cover-grid.png]
[demo.admireadmin.com/admire_html/vendors/unitegallery/images/icon-link32.png]
[demo.admireadmin.com/admire_html/vendors/unitegallery/images/icon-zoom32.png]
[demo.admireadmin.com/admire_html/vendors/unitegallery/images/icon-play32.png]
[demo.admireadmin.com/admire_html/vendors/unitegallery/images/lightbox-arrow-left.png]
[demo.admireadmin.com/admire_html/vendors/unitegallery/images/lightbox-arrow-right.png]
[demo.admireadmin.com/admire_html/vendors/unitegallery/images/lightbox-icon-close.png]
[demo.admireadmin.com/admire_html/vendors/unitegallery/images/lightbox-icon-close-compact2.png]
[demo.admireadmin.com/admire_html/vendors/unitegallery/skins/default/slider_arrow_left.png]
[demo.admireadmin.com/admire_html/vendors/unitegallery/skins/default/slider_arrow_right.png]
[demo.admireadmin.com/admire_html/vendors/unitegallery/skins/default/slider_bullets.png]
[demo.admireadmin.com/admire_html/vendors/unitegallery/skins/default/tile_bullets_gray.png]
[demo.admireadmin.com/admire_html/vendors/unitegallery/skins/default/tile_bullets_blue.png]
[demo.admireadmin.com/admire_html/vendors/unitegallery/skins/default/tile_bullets_brown.png]
[demo.admireadmin.com/admire_html/vendors/unitegallery/skins/default/tile_bullets_green.png]
[demo.admireadmin.com/admire_html/vendors/unitegallery/skins/default/tile_bullets_red.png]
[demo.admireadmin.com/admire_html/vendors/unitegallery/skins/default/tile_button_left.png]
[demo.admireadmin.com/admire_html/vendors/unitegallery/skins/default/tile_button_right.png]
[demo.admireadmin.com/admire_html/vendors/unitegallery/skins/default/tile_button_play_pause.png]
[demo.admireadmin.com/admire_html/vendors/unitegallery/skins/default/button_playpause.png]
[demo.admireadmin.com/admire_html/vendors/unitegallery/skins/default/button_fullscreen.png]
[demo.admireadmin.com/admire_html/vendors/unitegallery/skins/default/icon_zoom_plus.png]
[demo.admireadmin.com/admire_html/vendors/unitegallery/skins/default/icon_zoom_minus.png]
[demo.admireadmin.com/admire_html/vendors/unitegallery/skins/default/icon_zoom_back.png]
[demo.admireadmin.com/admire_html/vendors/unitegallery/skins/default/arrow_grid_down.png]
[demo.admireadmin.com/admire_html/vendors/unitegallery/skins/default/arrow_grid_up.png]
[demo.admireadmin.com/admire_html/vendors/unitegallery/skins/default/grid_arrow_left.png]
[demo.admireadmin.com/admire_html/vendors/unitegallery/skins/default/grid_arrow_right.png]
[demo.admireadmin.com/admire_html/vendors/unitegallery/skins/default/arrows_strip_left.png]
[demo.admireadmin.com/admire_html/vendors/unitegallery/skins/default/arrows_strip_right.png]
[demo.admireadmin.com/admire_html/vendors/unitegallery/skins/default/arrows_strip_up.png]
[demo.admireadmin.com/admire_html/vendors/unitegallery/skins/default/arrows_strip_down.png]
[demo.admireadmin.com/admire_html/vendors/unitegallery/skins/default/grid_handle_black_left.png]
[demo.admireadmin.com/admire_html/vendors/unitegallery/skins/default/grid_handle_black_right.png]
[demo.admireadmin.com/admire_html/vendors/unitegallery/skins/default/grid_handle_black_top.png]
[demo.admireadmin.com/admire_html/vendors/unitegallery/skins/default/grid_handle_black_bottom.png]
[demo.admireadmin.com/admire_html/vendors/unitegallery/css/unite-gallery.css]
[demo.admireadmin.com/admire_html/vendors/unitegallery/themes/default/images/button_fullscreen.png]
[demo.admireadmin.com/admire_html/vendors/unitegallery/themes/default/images/button_fullscreen_single.png]
[demo.admireadmin.com/admire_html/vendors/unitegallery/themes/default/images/button_playpause.png]
[demo.admireadmin.com/admire_html/vendors/unitegallery/themes/default/images/button_playpause_single.png]
[demo.admireadmin.com/admire_html/vendors/unitegallery/themes/default/images/arrow_down_up.png]
[demo.admireadmin.com/admire_html/vendors/unitegallery/themes/default/ug-theme-default.css]
[demo.admireadmin.com/admire_html/vendors/unitegallery/themes/video/skin-bottom-text.css]
[demo.admireadmin.com/admire_html/vendors/unitegallery/themes/video/images/arrow_left.png]
[demo.admireadmin.com/admire_html/vendors/unitegallery/themes/video/images/arrow_right.png]
[demo.admireadmin.com/admire_html/vendors/unitegallery/themes/video/skin-right-no-thumb.css]
[demo.admireadmin.com/admire_html/vendors/unitegallery/themes/video/skin-right-thumb.css]
[demo.admireadmin.com/admire_html/vendors/unitegallery/themes/video/skin-right-title-only.css]
[demo.admireadmin.com/admire_html/css/pages/video_gallery.css]
[demo.admireadmin.com/admire_html/vendors/jqvmap/css/jqvmap.min.css]
[demo.admireadmin.com/admire_html/img/night.jpg]
[demo.admireadmin.com/admire_html/css/pages/404.css]
[demo.admireadmin.com/admire_html/js/pages/forgot_password.js]
[demo.admireadmin.com/admire_html/forgot_password1.html]
[demo.admireadmin.com/admire_html/css/pages/login3.css]
[demo.admireadmin.com/admire_html/forgot_password3.html]
[demo.admireadmin.com/admire_html/css/pages/lockscreen2.css]
[demo.admireadmin.com/admire_html/css/pages/invoice.css]
[demo.admireadmin.com/admire_html/css/pages/layouts.css]
[demo.admireadmin.com/admire_html/vendors/fancybox/css/fancybox_buttons.html]
[demo.admireadmin.com/admire_html/js/index.html]
[demo.admireadmin.com/admire_html/vendors/themify/fonts/themify.html]
[demo.admireadmin.com/admire_html/vendors/themify/fonts/themifyd41d.html]
[demo.admireadmin.com/admire_html/vendors/themify/fonts/themify-2.html]
[demo.admireadmin.com/admire_html/vendors/ionicons/fonts/ioniconsbab9.svg]
[demo.admireadmin.com/admire_html/vendors/fileinput/img/loading-sm.html]
[demo.admireadmin.com/admire_html/vendors/blueimp-gallery-with-desc/img/loading.html]
[demo.admireadmin.com/admire_html/vendors/blueimp-gallery-with-desc/img/error.html]
[demo.admireadmin.com/admire_html/vendors/blueimp-gallery-with-desc/img/play-pause.html]
[demo.admireadmin.com/admire_html/vendors/blueimp-gallery-with-desc/img/error-2.html]
[demo.admireadmin.com/admire_html/vendors/blueimp-gallery-with-desc/img/play-pause-2.html]
[demo.admireadmin.com/admire_html/vendors/blueimp-gallery-with-desc/img/video-play.html]
[demo.admireadmin.com/admire_html/vendors/blueimp-gallery-with-desc/img/video-play-2.html]
[demo.admireadmin.com/admire_html/vendors/dropify/fonts/dropify.svg]
[demo.admireadmin.com/admire_html/img/loading1.html]
